84.16.66.35 - - [09/Nov/2022:16:18:08 +0100] "GET / HTTP/1.1" 200 161 "-" "Mozilla/5.0 (X11; Ubuntu; Linux x86_64; rv:106.0) Gecko/20100101 Firefox/106.0"
84.16.66.35 - - [09/Nov/2022:16:18:08 +0100] "GET /favicon.ico HTTP/1.1" 404 196 "http://software-coders.ch/" "Mozilla/5.0 (X11; Ubuntu; Linux x86_64; rv:106.0) Gecko/20100101 Firefox/106.0"
213.55.221.94 - - [09/Nov/2022:16:19:16 +0100] "GET / HTTP/1.1" 200 161 "-" "Mozilla/5.0 (X11; Linux x86_64) AppleWebKit/537.36 (KHTML, like Gecko) Chrome/106.0.0.0 Safari/537.36 OPR/92.0.0.0"
213.55.221.94 - - [09/Nov/2022:16:19:16 +0100] "GET /favicon.ico HTTP/1.1" 404 196 "http://www.software-coders.ch/" "Mozilla/5.0 (X11; Linux x86_64) AppleWebKit/537.36 (KHTML, like Gecko) Chrome/106.0.0.0 Safari/537.36 OPR/92.0.0.0"
34.211.45.117 - - [09/Nov/2022:16:27:29 +0100] "GET /.well-known/acme-challenge/oAqCpU2R-mdb5LTBoKcUEAmrTVSYkR2lxfz9jvY6A-I HTTP/1.1" 200 87 "-" "Mozilla/5.0 (compatible; Let's Encrypt validation server; +https://www.letsencrypt.org)"
23.178.112.103 - - [09/Nov/2022:16:27:29 +0100] "GET /.well-known/acme-challenge/oAqCpU2R-mdb5LTBoKcUEAmrTVSYkR2lxfz9jvY6A-I HTTP/1.1" 200 87 "-" "Mozilla/5.0 (compatible; Let's Encrypt validation server; +https://www.letsencrypt.org)"
18.189.184.225 - - [09/Nov/2022:16:27:30 +0100] "GET /.well-known/acme-challenge/oAqCpU2R-mdb5LTBoKcUEAmrTVSYkR2lxfz9jvY6A-I HTTP/1.1" 200 87 "-" "Mozilla/5.0 (compatible; Let's Encrypt validation server; +https://www.letsencrypt.org)"
79.104.53.14 - - [09/Nov/2022:16:27:47 +0100] "GET / HTTP/1.1" 200 161 "-" "Go-http-client/1.1"
79.104.53.14 - - [09/Nov/2022:16:27:47 +0100] "GET / HTTP/1.1" 301 235 "-" "Go-http-client/1.1"
79.104.53.14 - - [09/Nov/2022:16:27:47 +0100] "GET / HTTP/1.1" 200 161 "http://software-coders.ch" "Go-http-client/1.1"
195.211.77.140 - - [09/Nov/2022:16:27:56 +0100] "GET / HTTP/1.1" 200 161 "-" "Mozilla/5.0 (Windows NT 6.1) AppleWebKit/537.36 (KHTML, like Gecko) Chrome/29.0.1547.62 Safari/537.36,gzip(gfe)"
23.178.112.102 - - [09/Nov/2022:16:28:25 +0100] "GET /.well-known/acme-challenge/kIUPk7vchYwx7nB6rdLXguBn4DvSSM6bzd5p3-ycmSg HTTP/1.1" 200 87 "-" "Mozilla/5.0 (compatible; Let's Encrypt validation server; +https://www.letsencrypt.org)"
18.189.184.225 - - [09/Nov/2022:16:28:25 +0100] "GET /.well-known/acme-challenge/kIUPk7vchYwx7nB6rdLXguBn4DvSSM6bzd5p3-ycmSg HTTP/1.1" 200 87 "-" "Mozilla/5.0 (compatible; Let's Encrypt validation server; +https://www.letsencrypt.org)"
34.211.45.117 - - [09/Nov/2022:16:28:25 +0100] "GET /.well-known/acme-challenge/kIUPk7vchYwx7nB6rdLXguBn4DvSSM6bzd5p3-ycmSg HTTP/1.1" 200 87 "-" "Mozilla/5.0 (compatible; Let's Encrypt validation server; +https://www.letsencrypt.org)"
195.211.77.140 - - [09/Nov/2022:16:28:45 +0100] "GET / HTTP/1.1" 200 161 "-" "Mozilla/5.0 (Windows NT 6.1) AppleWebKit/537.36 (KHTML, like Gecko) Chrome/49.0.2623.112 Safari/537.36 TungstenBrowser/2.0"
39.110.218.101 - - [09/Nov/2022:16:28:49 +0100] "GET / HTTP/1.1" 200 161 "-" "Mozilla/5.0 (Linux; U; Android 2.2; ja-jp; SC-02B Build/FROYO) AppleWebKit/533.1 (KHTML, like Gecko) Version/4.0 Mobile Safari/533.1"
165.227.238.25 - - [09/Nov/2022:16:28:56 +0100] "GET / HTTP/1.1" 200 161 "-" "-"
45.33.108.175 - - [09/Nov/2022:16:28:57 +0100] "GET / HTTP/1.1" 301 235 "-" "-"
165.227.238.25 - - [09/Nov/2022:16:28:57 +0100] "GET /.DS_Store HTTP/1.1" 404 196 "-" "Go-http-client/1.1"
165.227.238.25 - - [09/Nov/2022:16:28:57 +0100] "GET / HTTP/1.1" 200 161 "-" "Mozilla/5.0 (Linux; Android 6.0; HTC One M9 Build/MRA15718) AppleWebKit/537.36 (KHTML, like Gecko) Chrome/52.0.7571.98 Mobile Safari/537.3"
165.227.238.25 - - [09/Nov/2022:16:28:57 +0100] "GET /debug/default/view?panel=config HTTP/1.1" 404 196 "-" "Go-http-client/1.1"
165.227.238.25 - - [09/Nov/2022:16:28:57 +0100] "GET /.env HTTP/1.1" 404 196 "-" "Go-http-client/1.1"
165.227.238.25 - - [09/Nov/2022:16:28:57 +0100] "GET /ecp/Current/exporttool/microsoft.exchange.ediscovery.exporttool.application HTTP/1.1" 404 196 "-" "Go-http-client/1.1"
165.227.238.25 - - [09/Nov/2022:16:28:57 +0100] "PUT /api/v2/cmdb/system/admin/admin HTTP/1.1" 405 220 "-" "Report Runner"
165.227.238.25 - - [09/Nov/2022:16:28:57 +0100] "GET /server-status HTTP/1.1" 404 196 "-" "Go-http-client/1.1"
165.227.238.25 - - [09/Nov/2022:16:28:57 +0100] "GET /.git/config HTTP/1.1" 404 196 "-" "Go-http-client/1.1"
165.227.238.25 - - [09/Nov/2022:16:28:57 +0100] "GET /s/032323e2735313e22333e25343/_/;/META-INF/maven/com.atlassian.jira/jira-webapp-dist/pom.properties HTTP/1.1" 404 196 "-" "Go-http-client/1.1"
165.227.238.25 - - [09/Nov/2022:16:28:57 +0100] "GET /?rest_route=/wp/v2/users/ HTTP/1.1" 200 161 "-" "Go-http-client/1.1"
165.227.238.25 - - [09/Nov/2022:16:28:57 +0100] "GET /info.php HTTP/1.1" 404 196 "-" "Go-http-client/1.1"
165.227.238.25 - - [09/Nov/2022:16:28:57 +0100] "GET /telescope/requests HTTP/1.1" 404 196 "-" "Go-http-client/1.1"
165.227.238.25 - - [09/Nov/2022:16:28:57 +0100] "GET /v2/_catalog HTTP/1.1" 404 196 "-" "Go-http-client/1.1"
165.227.238.25 - - [09/Nov/2022:16:28:57 +0100] "GET /config.json HTTP/1.1" 404 196 "-" "Go-http-client/1.1"
165.227.238.25 - - [09/Nov/2022:16:28:57 +0100] "GET /about HTTP/1.1" 404 196 "-" "Go-http-client/1.1"
165.227.238.25 - - [09/Nov/2022:16:28:57 +0100] "GET /api/search?folderIds=0 HTTP/1.1" 404 196 "-" "Go-http-client/1.1"
165.227.238.25 - - [09/Nov/2022:16:28:57 +0100] "GET /login.action HTTP/1.1" 404 196 "-" "Go-http-client/1.1"
45.33.108.175 - - [09/Nov/2022:16:28:57 +0100] "GET /server-status HTTP/1.1" 301 248 "-" "Go-http-client/1.1"
45.33.108.175 - - [09/Nov/2022:16:28:57 +0100] "GET / HTTP/1.1" 301 235 "-" "Mozilla/5.0 (Linux; Android 6.0; HTC One M9 Build/MRA15718) AppleWebKit/537.36 (KHTML, like Gecko) Chrome/52.0.7571.98 Mobile Safari/537.3"
45.33.108.175 - - [09/Nov/2022:16:28:57 +0100] "GET /info.php HTTP/1.1" 301 243 "-" "Go-http-client/1.1"
45.33.108.175 - - [09/Nov/2022:16:28:57 +0100] "GET /?rest_route=/wp/v2/users/ HTTP/1.1" 301 260 "-" "Go-http-client/1.1"
45.33.108.175 - - [09/Nov/2022:16:28:57 +0100] "GET /debug/default/view?panel=config HTTP/1.1" 301 266 "-" "Go-http-client/1.1"
45.33.108.175 - - [09/Nov/2022:16:28:57 +0100] "PUT /api/v2/cmdb/system/admin/admin HTTP/1.1" 301 265 "-" "Report Runner"
45.33.108.175 - - [09/Nov/2022:16:28:57 +0100] "GET /.DS_Store HTTP/1.1" 301 244 "-" "Go-http-client/1.1"
45.33.108.175 - - [09/Nov/2022:16:28:57 +0100] "GET /.env HTTP/1.1" 301 239 "-" "Go-http-client/1.1"
45.33.108.175 - - [09/Nov/2022:16:28:57 +0100] "GET /.git/config HTTP/1.1" 301 246 "-" "Go-http-client/1.1"
45.33.108.175 - - [09/Nov/2022:16:28:57 +0100] "GET /s/032323e2735313e22333e25343/_/;/META-INF/maven/com.atlassian.jira/jira-webapp-dist/pom.properties HTTP/1.1" 301 333 "-" "Go-http-client/1.1"
45.33.108.175 - - [09/Nov/2022:16:28:57 +0100] "GET /telescope/requests HTTP/1.1" 301 253 "-" "Go-http-client/1.1"
45.33.108.175 - - [09/Nov/2022:16:28:57 +0100] "GET /ecp/Current/exporttool/microsoft.exchange.ediscovery.exporttool.application HTTP/1.1" 301 310 "-" "Go-http-client/1.1"
45.33.108.175 - - [09/Nov/2022:16:28:57 +0100] "GET /v2/_catalog HTTP/1.1" 301 246 "-" "Go-http-client/1.1"
45.33.108.175 - - [09/Nov/2022:16:28:57 +0100] "GET /login.action HTTP/1.1" 301 247 "-" "Go-http-client/1.1"
45.33.108.175 - - [09/Nov/2022:16:28:57 +0100] "GET /api/search?folderIds=0 HTTP/1.1" 301 257 "-" "Go-http-client/1.1"
45.33.108.175 - - [09/Nov/2022:16:28:57 +0100] "GET /config.json HTTP/1.1" 301 246 "-" "Go-http-client/1.1"
45.33.108.175 - - [09/Nov/2022:16:28:57 +0100] "GET /about HTTP/1.1" 301 240 "-" "Go-http-client/1.1"
139.59.135.127 - - [09/Nov/2022:16:29:01 +0100] "GET / HTTP/1.1" 200 161 "-" "-"
139.59.135.127 - - [09/Nov/2022:16:29:01 +0100] "GET / HTTP/1.1" 301 239 "-" "-"
139.59.135.127 - - [09/Nov/2022:16:29:01 +0100] "GET /.DS_Store HTTP/1.1" 301 248 "-" "Go-http-client/1.1"
139.59.135.127 - - [09/Nov/2022:16:29:01 +0100] "GET /telescope/requests HTTP/1.1" 301 257 "-" "Go-http-client/1.1"
139.59.135.127 - - [09/Nov/2022:16:29:01 +0100] "PUT /api/v2/cmdb/system/admin/admin HTTP/1.1" 301 269 "-" "Report Runner"
139.59.135.127 - - [09/Nov/2022:16:29:01 +0100] "GET /ecp/Current/exporttool/microsoft.exchange.ediscovery.exporttool.application HTTP/1.1" 301 314 "-" "Go-http-client/1.1"
139.59.135.127 - - [09/Nov/2022:16:29:01 +0100] "GET / HTTP/1.1" 301 239 "-" "Mozilla/5.0 (Linux; Android 6.0; HTC One M9 Build/MRA15718) AppleWebKit/537.36 (KHTML, like Gecko) Chrome/52.0.7571.98 Mobile Safari/537.3"
139.59.135.127 - - [09/Nov/2022:16:29:01 +0100] "GET /debug/default/view?panel=config HTTP/1.1" 301 270 "-" "Go-http-client/1.1"
139.59.135.127 - - [09/Nov/2022:16:29:01 +0100] "GET /.env HTTP/1.1" 301 243 "-" "Go-http-client/1.1"
139.59.135.127 - - [09/Nov/2022:16:29:01 +0100] "GET /?rest_route=/wp/v2/users/ HTTP/1.1" 301 264 "-" "Go-http-client/1.1"
139.59.135.127 - - [09/Nov/2022:16:29:01 +0100] "GET /.git/config HTTP/1.1" 301 250 "-" "Go-http-client/1.1"
139.59.135.127 - - [09/Nov/2022:16:29:01 +0100] "GET /info.php HTTP/1.1" 301 247 "-" "Go-http-client/1.1"
139.59.135.127 - - [09/Nov/2022:16:29:01 +0100] "GET /s/032323e2735313e22333e25343/_/;/META-INF/maven/com.atlassian.jira/jira-webapp-dist/pom.properties HTTP/1.1" 301 337 "-" "Go-http-client/1.1"
139.59.135.127 - - [09/Nov/2022:16:29:01 +0100] "GET /server-status HTTP/1.1" 301 252 "-" "Go-http-client/1.1"
139.59.135.127 - - [09/Nov/2022:16:29:01 +0100] "GET /config.json HTTP/1.1" 301 250 "-" "Go-http-client/1.1"
139.59.135.127 - - [09/Nov/2022:16:29:01 +0100] "GET /about HTTP/1.1" 301 244 "-" "Go-http-client/1.1"
139.59.135.127 - - [09/Nov/2022:16:29:01 +0100] "GET /v2/_catalog HTTP/1.1" 301 250 "-" "Go-http-client/1.1"
139.59.135.127 - - [09/Nov/2022:16:29:01 +0100] "GET /login.action HTTP/1.1" 301 251 "-" "Go-http-client/1.1"
139.59.135.127 - - [09/Nov/2022:16:29:01 +0100] "GET /api/search?folderIds=0 HTTP/1.1" 301 261 "-" "Go-http-client/1.1"
139.59.135.127 - - [09/Nov/2022:16:29:01 +0100] "GET /.git/config HTTP/1.1" 404 196 "-" "Go-http-client/1.1"
139.59.135.127 - - [09/Nov/2022:16:29:01 +0100] "GET /.env HTTP/1.1" 404 196 "-" "Go-http-client/1.1"
139.59.135.127 - - [09/Nov/2022:16:29:01 +0100] "GET /info.php HTTP/1.1" 404 196 "-" "Go-http-client/1.1"
139.59.135.127 - - [09/Nov/2022:16:29:01 +0100] "GET / HTTP/1.1" 200 161 "-" "Mozilla/5.0 (Linux; Android 6.0; HTC One M9 Build/MRA15718) AppleWebKit/537.36 (KHTML, like Gecko) Chrome/52.0.7571.98 Mobile Safari/537.3"
139.59.135.127 - - [09/Nov/2022:16:29:01 +0100] "GET /telescope/requests HTTP/1.1" 404 196 "-" "Go-http-client/1.1"
139.59.135.127 - - [09/Nov/2022:16:29:01 +0100] "GET /server-status HTTP/1.1" 404 196 "-" "Go-http-client/1.1"
139.59.135.127 - - [09/Nov/2022:16:29:01 +0100] "GET /.DS_Store HTTP/1.1" 404 196 "-" "Go-http-client/1.1"
139.59.135.127 - - [09/Nov/2022:16:29:01 +0100] "GET /s/032323e2735313e22333e25343/_/;/META-INF/maven/com.atlassian.jira/jira-webapp-dist/pom.properties HTTP/1.1" 404 196 "-" "Go-http-client/1.1"
139.59.135.127 - - [09/Nov/2022:16:29:01 +0100] "GET /debug/default/view?panel=config HTTP/1.1" 404 196 "-" "Go-http-client/1.1"
139.59.135.127 - - [09/Nov/2022:16:29:01 +0100] "GET /ecp/Current/exporttool/microsoft.exchange.ediscovery.exporttool.application HTTP/1.1" 404 196 "-" "Go-http-client/1.1"
139.59.135.127 - - [09/Nov/2022:16:29:01 +0100] "PUT /api/v2/cmdb/system/admin/admin HTTP/1.1" 405 220 "-" "Report Runner"
139.59.135.127 - - [09/Nov/2022:16:29:01 +0100] "GET /?rest_route=/wp/v2/users/ HTTP/1.1" 200 161 "-" "Go-http-client/1.1"
139.59.135.127 - - [09/Nov/2022:16:29:01 +0100] "GET /v2/_catalog HTTP/1.1" 404 196 "-" "Go-http-client/1.1"
139.59.135.127 - - [09/Nov/2022:16:29:01 +0100] "GET /about HTTP/1.1" 404 196 "-" "Go-http-client/1.1"
139.59.135.127 - - [09/Nov/2022:16:29:01 +0100] "GET /config.json HTTP/1.1" 404 196 "-" "Go-http-client/1.1"
139.59.135.127 - - [09/Nov/2022:16:29:01 +0100] "GET /api/search?folderIds=0 HTTP/1.1" 404 196 "-" "Go-http-client/1.1"
139.59.135.127 - - [09/Nov/2022:16:29:01 +0100] "GET /login.action HTTP/1.1" 404 196 "-" "Go-http-client/1.1"
68.183.130.239 - - [09/Nov/2022:16:29:05 +0100] "HEAD / HTTP/1.1" 301 - "-" "Mozilla/5.0 (compatible; Domains Project/1.3.7; +https://domainsproject.org)"
68.183.130.239 - - [09/Nov/2022:16:29:05 +0100] "HEAD / HTTP/1.1" 200 - "http://software-coders.ch" "Mozilla/5.0 (compatible; Domains Project/1.3.7; +https://domainsproject.org)"
205.169.39.63 - - [09/Nov/2022:16:29:06 +0100] "GET / HTTP/1.1" 301 235 "-" "Mozilla/5.0 (X11; Linux x86_64) AppleWebKit/537.36 (KHTML, like Gecko) HeadlessChrome/104.0.5112.101 Safari/537.36"
68.183.130.239 - - [09/Nov/2022:16:29:07 +0100] "HEAD / HTTP/1.1" 301 - "-" "Mozilla/5.0 (compatible; Domains Project/1.3.7; +https://domainsproject.org)"
205.169.39.63 - - [09/Nov/2022:16:29:07 +0100] "GET / HTTP/1.1" 200 161 "-" "Mozilla/5.0 (X11; Linux x86_64) AppleWebKit/537.36 (KHTML, like Gecko) HeadlessChrome/104.0.5112.101 Safari/537.36"
195.74.76.198 - - [09/Nov/2022:16:29:21 +0100] "HEAD / HTTP/1.1" 301 - "-" "Go-http-client/1.1"
65.154.226.166 - - [09/Nov/2022:16:29:22 +0100] "GET / HTTP/1.1" 301 239 "-" "Mozilla/5.0 (Windows NT 10.0; Win64; x64) AppleWebKit/537.36 (KHTML, like Gecko) Chrome/76.0.3809.71 Safari/537.36"
65.154.226.166 - - [09/Nov/2022:16:29:24 +0100] "GET / HTTP/1.1" 200 161 "-" "Mozilla/5.0 (Windows NT 10.0; Win64; x64) AppleWebKit/537.36 (KHTML, like Gecko) Chrome/76.0.3809.71 Safari/537.36"
195.74.76.198 - - [09/Nov/2022:16:29:25 +0100] "HEAD / HTTP/1.1" 200 - "http://software-coders.ch" "Go-http-client/1.1"
205.169.39.63 - - [09/Nov/2022:16:29:28 +0100] "GET / HTTP/1.1" 301 239 "-" "Mozilla/5.0 (Windows NT 10.0) AppleWebKit/537.36 (KHTML, like Gecko) Chrome/106.0.0.0 Safari/537.36"
205.169.39.63 - - [09/Nov/2022:16:29:29 +0100] "GET / HTTP/1.1" 200 161 "http://www.software-coders.ch" "Mozilla/5.0 (Windows NT 10.0) AppleWebKit/537.36 (KHTML, like Gecko) Chrome/106.0.0.0 Safari/537.36"
205.169.39.63 - - [09/Nov/2022:16:29:30 +0100] "GET / HTTP/1.1" 301 239 "-" "Mozilla/5.0 (X11; Linux x86_64) AppleWebKit/537.36 (KHTML, like Gecko) HeadlessChrome/104.0.5112.101 Safari/537.36"
205.169.39.63 - - [09/Nov/2022:16:29:31 +0100] "GET / HTTP/1.1" 200 161 "-" "Mozilla/5.0 (X11; Linux x86_64) AppleWebKit/537.36 (KHTML, like Gecko) HeadlessChrome/104.0.5112.101 Safari/537.36"
39.110.218.101 - - [09/Nov/2022:16:29:40 +0100] "GET / HTTP/1.1" 200 161 "-" "Mozilla/5.0 (Linux; U; Android 2.2; ja-jp; SC-02B Build/FROYO) AppleWebKit/533.1 (KHTML, like Gecko) Version/4.0 Mobile Safari/533.1"
39.110.218.101 - - [09/Nov/2022:16:29:41 +0100] "GET / HTTP/1.1" 200 161 "-" "Mozilla/5.0 (Linux; U; Android 2.2; ja-jp; SC-02B Build/FROYO) AppleWebKit/533.1 (KHTML, like Gecko) Version/4.0 Mobile Safari/533.1"
54.189.230.128 - - [09/Nov/2022:16:30:19 +0100] "GET / HTTP/1.1" 301 235 "-" "Mozilla/5.0 (X11; Linux x86_64) AppleWebKit/537.36 (KHTML, like Gecko) Chrome/107.0.5304.88 Safari/537.36"
54.189.230.128 - - [09/Nov/2022:16:30:19 +0100] "GET / HTTP/1.1" 200 161 "-" "Mozilla/5.0 (X11; Linux x86_64) AppleWebKit/537.36 (KHTML, like Gecko) Chrome/107.0.5304.88 Safari/537.36"
213.55.221.94 - - [09/Nov/2022:16:30:21 +0100] "GET / HTTP/1.1" 301 239 "-" "Mozilla/5.0 (X11; Linux x86_64) AppleWebKit/537.36 (KHTML, like Gecko) Chrome/106.0.0.0 Safari/537.36 OPR/92.0.0.0"
179.43.169.181 - - [09/Nov/2022:16:30:28 +0100] "GET / HTTP/1.1" 200 161 "-" "Mozilla/5.0 (X11; Linux i686; rv:10.0) Gecko/20100101 Firefox/10.0"
205.169.39.160 - - [09/Nov/2022:16:30:30 +0100] "GET / HTTP/1.1" 301 239 "-" "Mozilla/5.0 (Windows NT 6.1; Win64; x64) AppleWebKit/537.36 (KHTML, like Gecko) Chrome/83.0.4103.61 Safari/537.36"
205.169.39.160 - - [09/Nov/2022:16:30:31 +0100] "GET / HTTP/1.1" 200 161 "-" "Mozilla/5.0 (Windows NT 6.1; Win64; x64) AppleWebKit/537.36 (KHTML, like Gecko) Chrome/83.0.4103.61 Safari/537.36"
205.169.39.160 - - [09/Nov/2022:16:30:37 +0100] "GET / HTTP/1.1" 301 239 "-" "Mozilla/5.0 (Windows NT 10.0; Win64; x64) AppleWebKit/537.36 (KHTML, like Gecko) Chrome/79.0.3945.79 Safari/537.36"
179.43.169.181 - - [09/Nov/2022:16:30:38 +0100] "GET / HTTP/1.1" 200 161 "-" "Mozilla/5.0 (X11; Linux i686; rv:10.0) Gecko/20100101 Firefox/10.0"
205.169.39.160 - - [09/Nov/2022:16:30:41 +0100] "GET / HTTP/1.1" 200 161 "-" "Mozilla/5.0 (Windows NT 10.0; Win64; x64) AppleWebKit/537.36 (KHTML, like Gecko) Chrome/79.0.3945.79 Safari/537.36"
179.43.169.181 - - [09/Nov/2022:16:30:57 +0100] "GET / HTTP/1.1" 200 161 "-" "Mozilla/5.0 (X11; Linux i686; rv:10.0) Gecko/20100101 Firefox/10.0"
148.113.140.244 - - [09/Nov/2022:16:31:01 +0100] "GET / HTTP/1.1" 301 235 "-" "Mozilla/5.0 (X11; Ubuntu; Linux x86_64; rv:21.0) Gecko/20130331 Firefox/21.0"
148.113.140.244 - - [09/Nov/2022:16:31:01 +0100] "GET / HTTP/1.1" 200 161 "-" "Mozilla/5.0 (X11; Ubuntu; Linux x86_64; rv:21.0) Gecko/20130331 Firefox/21.0"
148.113.141.140 - - [09/Nov/2022:16:31:03 +0100] "GET / HTTP/1.1" 301 239 "-" "Mozilla/5.0 (Windows NT 6.1) AppleWebKit/537.36 (KHTML, like Gecko) Chrome/41.0.2228.0 Safari/537.36"
148.113.141.140 - - [09/Nov/2022:16:31:04 +0100] "GET / HTTP/1.1" 200 161 "-" "Mozilla/5.0 (Windows NT 6.1) AppleWebKit/537.36 (KHTML, like Gecko) Chrome/41.0.2228.0 Safari/537.36"
213.55.221.94 - - [09/Nov/2022:16:31:50 +0100] "GET / HTTP/1.1" 200 161 "-" "Mozilla/5.0 (X11; Linux x86_64) AppleWebKit/537.36 (KHTML, like Gecko) Chrome/106.0.0.0 Safari/537.36 OPR/92.0.0.0"
213.55.221.94 - - [09/Nov/2022:16:31:50 +0100] "GET /favicon.ico HTTP/1.1" 404 196 "https://www.software-coders.ch/" "Mozilla/5.0 (X11; Linux x86_64) AppleWebKit/537.36 (KHTML, like Gecko) Chrome/106.0.0.0 Safari/537.36 OPR/92.0.0.0"
5.9.119.108 - - [09/Nov/2022:16:31:58 +0100] "GET /.htaccess HTTP/1.1" 403 199 "-" "Mozilla/5.0 (Windows NT 10.0; Win64; x64) AppleWebKit/537.36 (KHTML, like Gecko) Chrome/101.0.4951.64 Safari/537.36 Edg/101.0.1210.53"
83.222.156.104 - - [09/Nov/2022:16:32:12 +0100] "GET / HTTP/1.1" 301 239 "-" "Mozilla/5.0 (iPhone; CPU iPhone OS 16_0_3 like Mac OS X) AppleWebKit/605.1.15 (KHTML, like Gecko) Version/16.0 Mobile/15E148 Safari/604.1"
83.222.156.104 - - [09/Nov/2022:16:32:20 +0100] "GET / HTTP/1.1" 200 161 "" "Mozilla/5.0 (iPhone; CPU iPhone OS 16_0_3 like Mac OS X) AppleWebKit/605.1.15 (KHTML, like Gecko) Version/16.0 Mobile/15E148 Safari/604.1"
83.222.156.104 - - [09/Nov/2022:16:32:20 +0100] "GET /favicon.ico HTTP/1.1" 404 196 "https://www.software-coders.ch/" "Mozilla/5.0 (iPhone; CPU iPhone OS 16_0_3 like Mac OS X) AppleWebKit/605.1.15 (KHTML, like Gecko) Version/16.0 Mobile/15E148 Safari/604.1"
23.178.112.107 - - [09/Nov/2022:16:34:17 +0100] "GET /.well-known/acme-challenge/Ez2_xzA16xHfHdE4bBKehrVNc4HLeW_kwg4tqv_zwy0 HTTP/1.1" 200 87 "-" "Mozilla/5.0 (compatible; Let's Encrypt validation server; +https://www.letsencrypt.org)"
3.137.201.255 - - [09/Nov/2022:16:34:17 +0100] "GET /.well-known/acme-challenge/Ez2_xzA16xHfHdE4bBKehrVNc4HLeW_kwg4tqv_zwy0 HTTP/1.1" 200 87 "-" "Mozilla/5.0 (compatible; Let's Encrypt validation server; +https://www.letsencrypt.org)"
54.202.220.93 - - [09/Nov/2022:16:34:17 +0100] "GET /.well-known/acme-challenge/Ez2_xzA16xHfHdE4bBKehrVNc4HLeW_kwg4tqv_zwy0 HTTP/1.1" 200 87 "-" "Mozilla/5.0 (compatible; Let's Encrypt validation server; +https://www.letsencrypt.org)"
3.137.201.255 - - [09/Nov/2022:16:34:25 +0100] "GET /.well-known/acme-challenge/mfsJM0SWHSi5_RdJgParf-3RMfTua7mOzhA3WjFFuyo HTTP/1.1" 200 87 "-" "Mozilla/5.0 (compatible; Let's Encrypt validation server; +https://www.letsencrypt.org)"
23.178.112.106 - - [09/Nov/2022:16:34:25 +0100] "GET /.well-known/acme-challenge/mfsJM0SWHSi5_RdJgParf-3RMfTua7mOzhA3WjFFuyo HTTP/1.1" 200 87 "-" "Mozilla/5.0 (compatible; Let's Encrypt validation server; +https://www.letsencrypt.org)"
54.202.220.93 - - [09/Nov/2022:16:34:25 +0100] "GET /.well-known/acme-challenge/mfsJM0SWHSi5_RdJgParf-3RMfTua7mOzhA3WjFFuyo HTTP/1.1" 200 87 "-" "Mozilla/5.0 (compatible; Let's Encrypt validation server; +https://www.letsencrypt.org)"
51.81.167.146 - - [09/Nov/2022:16:38:00 +0100] "GET / HTTP/1.1" 301 239 "-" "Mozilla/5.0 (iPhone; CPU iPhone OS 15_1_1 like Mac OS X) AppleWebKit/605.1.15 (KHTML, like Gecko) Version/15.1 Mobile/15E148 Safari/604.1"
51.81.167.146 - - [09/Nov/2022:16:38:26 +0100] "GET / HTTP/1.1" 301 235 "-" "Mozilla/5.0 (iPhone; CPU iPhone OS 15_1_1 like Mac OS X) AppleWebKit/605.1.15 (KHTML, like Gecko) Version/15.1 Mobile/15E148 Safari/604.1"
51.81.167.146 - - [09/Nov/2022:16:38:27 +0100] "GET / HTTP/1.1" 200 161 "-" "Mozilla/5.0 (iPhone; CPU iPhone OS 15_1_1 like Mac OS X) AppleWebKit/605.1.15 (KHTML, like Gecko) Version/15.1 Mobile/15E148 Safari/604.1"
213.55.221.94 - - [09/Nov/2022:16:38:44 +0100] "GET / HTTP/1.1" 301 239 "-" "Mozilla/5.0 (X11; Linux x86_64; rv:106.0) Gecko/20100101 Firefox/106.0"
149.56.160.240 - - [09/Nov/2022:16:39:17 +0100] "GET / HTTP/1.1" 301 239 "-" "Mozilla/5.0 (Windows NT 6.3; Win64; x64) AppleWebKit/537.36 (KHTML, like Gecko) Chrome/60.0.3112.90 Safari/537.36 React.org"
213.55.221.94 - - [09/Nov/2022:16:39:30 +0100] "GET / HTTP/1.1" 200 161 "-" "Mozilla/5.0 (X11; Linux x86_64; rv:106.0) Gecko/20100101 Firefox/106.0"
213.55.221.94 - - [09/Nov/2022:16:39:30 +0100] "GET /favicon.ico HTTP/1.1" 404 196 "https://www.software-coders.ch/" "Mozilla/5.0 (X11; Linux x86_64; rv:106.0) Gecko/20100101 Firefox/106.0"
144.168.223.9 - - [09/Nov/2022:16:41:19 +0100] "GET / HTTP/1.1" 200 161 "-" "Apache-HttpClient/5.1.3 (Java/11.0.13)"
209.127.110.198 - - [09/Nov/2022:16:41:23 +0100] "HEAD http://software-coders.ch:80/ HTTP/1.1" 301 - "-" "Mozilla/5.0 (Windows NT 10.0; WOW64) AppleWebKit/537.36 (KHTML, like Gecko) Chrome/83.0.4103.106 Safari/537.36"
209.127.110.198 - - [09/Nov/2022:16:41:23 +0100] "GET http://software-coders.ch:80/ HTTP/1.1" 301 235 "-" "Mozilla/5.0 (Windows NT 10.0; WOW64) AppleWebKit/537.36 (KHTML, like Gecko) Chrome/83.0.4103.106 Safari/537.36"
18.209.43.63 - - [09/Nov/2022:16:41:39 +0100] "GET / HTTP/1.1" 301 235 "-" "Mozilla/5.0 (Windows NT 10.0; WOW64) AppleWebKit/537.36 (KHTML, like Gecko) Chrome/83.0.4103.106 Safari/537.36"
3.80.83.214 - - [09/Nov/2022:16:41:39 +0100] "GET / HTTP/1.1" 200 161 "-" "Mozilla/5.0 (Windows NT 10.0; WOW64) AppleWebKit/537.36 (KHTML, like Gecko) Chrome/83.0.4103.106 Safari/537.36"
170.247.221.222 - - [09/Nov/2022:16:41:40 +0100] "GET /favicon.ico HTTP/1.1" 404 196 "-" "Mozilla/5.0 (Windows NT 10.0; WOW64) AppleWebKit/537.36 (KHTML, like Gecko) Chrome/83.0.4103.106 Safari/537.36"
3.80.83.214 - - [09/Nov/2022:16:41:40 +0100] "GET /favicon.ico HTTP/1.1" 404 196 "-" "Mozilla/5.0 (Windows NT 10.0; WOW64) AppleWebKit/537.36 (KHTML, like Gecko) Chrome/83.0.4103.106 Safari/537.36"
34.234.11.9 - - [09/Nov/2022:16:41:40 +0100] "GET /favicon.ico HTTP/1.1" 404 196 "-" "Mozilla/5.0 (Windows NT 10.0; WOW64) AppleWebKit/537.36 (KHTML, like Gecko) Chrome/83.0.4103.106 Safari/537.36"
170.247.221.222 - - [09/Nov/2022:16:41:40 +0100] "GET /favicon.png HTTP/1.1" 404 196 "-" "Mozilla/5.0 (Windows NT 10.0; WOW64) AppleWebKit/537.36 (KHTML, like Gecko) Chrome/83.0.4103.106 Safari/537.36"
3.80.83.214 - - [09/Nov/2022:16:41:40 +0100] "GET /favicon.png HTTP/1.1" 404 196 "-" "Mozilla/5.0 (Windows NT 10.0; WOW64) AppleWebKit/537.36 (KHTML, like Gecko) Chrome/83.0.4103.106 Safari/537.36"
34.234.11.9 - - [09/Nov/2022:16:41:41 +0100] "GET /favicon.png HTTP/1.1" 404 196 "-" "Mozilla/5.0 (Windows NT 10.0; WOW64) AppleWebKit/537.36 (KHTML, like Gecko) Chrome/83.0.4103.106 Safari/537.36"
58.251.94.154 - - [09/Nov/2022:16:42:16 +0100] "HEAD / HTTP/1.1" 301 - "-" "Mozilla/5.0 (Windows NT 6.1; WOW64) AppleWebKit/535.1 (KHTML, like Gecko) Chrome/14.0.813.0 Safari/535.1"
58.251.94.154 - - [09/Nov/2022:16:42:17 +0100] "HEAD / HTTP/1.1" 200 - "-" "Mozilla/5.0 (Windows NT 6.1; WOW64) AppleWebKit/535.1 (KHTML, like Gecko) Chrome/14.0.813.0 Safari/535.1"
58.251.94.154 - - [09/Nov/2022:16:42:51 +0100] "GET / HTTP/1.1" 301 235 "-" "Mozilla/5.0 (Windows NT 10.0; WOW64; Trident/7.0; .NET4.0C; .NET4.0E; .NET CLR 2.0.50727; .NET CLR 3.0.30729; .NET CLR 3.5.30729; InfoPath.3; rv:11.0) like Gecko"
58.251.94.154 - - [09/Nov/2022:16:42:52 +0100] "GET / HTTP/1.1" 200 161 "-" "Mozilla/5.0 (Windows NT 10.0; WOW64; Trident/7.0; .NET4.0C; .NET4.0E; .NET CLR 2.0.50727; .NET CLR 3.0.30729; .NET CLR 3.5.30729; InfoPath.3; rv:11.0) like Gecko"
84.16.66.188 - - [09/Nov/2022:16:46:02 +0100] "GET /.well-known/acme-challenge/hosting-dev HTTP/1.1" 301 273 "-" "GuzzleHttp/6.3.3 curl/7.74.0 PHP/7.3.33"
84.16.66.188 - - [09/Nov/2022:16:46:02 +0100] "GET /.well-known/acme-challenge/hosting-dev HTTP/1.1" 404 196 "-" "GuzzleHttp/6.3.3 curl/7.74.0 PHP/7.3.33"
213.55.221.94 - - [09/Nov/2022:16:47:58 +0100] "GET / HTTP/1.1" 301 235 "-" "Mozilla/5.0 (X11; Linux x86_64; rv:106.0) Gecko/20100101 Firefox/106.0"
213.55.221.94 - - [09/Nov/2022:16:47:58 +0100] "GET / HTTP/1.1" 200 161 "-" "Mozilla/5.0 (X11; Linux x86_64; rv:106.0) Gecko/20100101 Firefox/106.0"
213.55.221.94 - - [09/Nov/2022:16:47:59 +0100] "GET /favicon.ico HTTP/1.1" 404 196 "https://software-coders.ch/" "Mozilla/5.0 (X11; Linux x86_64; rv:106.0) Gecko/20100101 Firefox/106.0"
84.16.66.188 - - [09/Nov/2022:16:48:27 +0100] "GET /.well-known/acme-challenge/hosting-dev HTTP/1.1" 301 273 "-" "GuzzleHttp/6.3.3 curl/7.74.0 PHP/7.3.33"
84.16.66.188 - - [09/Nov/2022:16:48:27 +0100] "GET /.well-known/acme-challenge/hosting-dev HTTP/1.1" 404 196 "-" "GuzzleHttp/6.3.3 curl/7.74.0 PHP/7.3.33"
84.16.66.188 - - [09/Nov/2022:16:49:12 +0100] "GET /.well-known/acme-challenge/hosting-dev HTTP/1.1" 301 273 "-" "GuzzleHttp/6.3.3 curl/7.74.0 PHP/7.3.33"
84.16.66.188 - - [09/Nov/2022:16:49:13 +0100] "GET /.well-known/acme-challenge/hosting-dev HTTP/1.1" 404 196 "-" "GuzzleHttp/6.3.3 curl/7.74.0 PHP/7.3.33"
84.16.66.188 - - [09/Nov/2022:16:49:48 +0100] "GET /.well-known/acme-challenge/hosting-dev HTTP/1.0" 301 273 "-" "-"
84.16.66.188 - - [09/Nov/2022:16:49:48 +0100] "GET /.well-known/acme-challenge/hosting-dev HTTP/1.0" 404 196 "-" "-"
39.110.218.101 - - [09/Nov/2022:16:50:08 +0100] "GET / HTTP/1.1" 200 161 "-" "Mozilla/5.0 (Linux; U; Android 2.2; ja-jp; SC-02B Build/FROYO) AppleWebKit/533.1 (KHTML, like Gecko) Version/4.0 Mobile Safari/533.1"
89.45.90.22 - - [09/Nov/2022:16:50:21 +0100] "GET / HTTP/1.1" 200 161 "-" "python-requests/2.25.1"
89.45.90.22 - - [09/Nov/2022:16:50:41 +0100] "GET /favicon.ico HTTP/1.1" 404 196 "-" "python-requests/2.25.1"
84.16.66.188 - - [09/Nov/2022:16:52:13 +0100] "GET /.well-known/acme-challenge/hosting-dev HTTP/1.0" 301 273 "-" "-"
84.16.66.188 - - [09/Nov/2022:16:52:13 +0100] "GET /.well-known/acme-challenge/hosting-dev HTTP/1.0" 404 196 "-" "-"
83.222.156.104 - - [09/Nov/2022:16:52:33 +0100] "GET / HTTP/1.1" 200 161 "-" "Mozilla/5.0 (iPhone; CPU iPhone OS 16_0_3 like Mac OS X) AppleWebKit/605.1.15 (KHTML, like Gecko) Version/16.0 Mobile/15E148 Safari/604.1"
213.55.221.94 - - [09/Nov/2022:16:52:57 +0100] "GET / HTTP/1.1" 301 239 "-" "Mozilla/5.0 (X11; Linux x86_64; rv:106.0) Gecko/20100101 Firefox/106.0"
213.55.221.94 - - [09/Nov/2022:16:52:57 +0100] "GET / HTTP/1.1" 200 161 "-" "Mozilla/5.0 (X11; Linux x86_64; rv:106.0) Gecko/20100101 Firefox/106.0"
213.55.221.94 - - [09/Nov/2022:16:52:58 +0100] "GET /favicon.ico HTTP/1.1" 404 196 "https://www.software-coders.ch/" "Mozilla/5.0 (X11; Linux x86_64; rv:106.0) Gecko/20100101 Firefox/106.0"
84.16.66.188 - - [09/Nov/2022:16:52:59 +0100] "GET /.well-known/acme-challenge/hosting-dev HTTP/1.0" 301 273 "-" "-"
84.16.66.188 - - [09/Nov/2022:16:52:59 +0100] "GET /.well-known/acme-challenge/hosting-dev HTTP/1.0" 404 196 "-" "-"
45.88.97.250 - - [09/Nov/2022:16:53:11 +0100] "GET / HTTP/1.1" 301 239 "http://www.software-coders.ch/" "Mozilla/5.0 (Linux; Android 12; SM-S908U Build/SP1A.210812.016; wv) AppleWebKit/537.36 (KHTML, like Gecko) Version/4.0 Chrome/99.0.4844.88 Mobile Safari/537.36"
84.17.52.156 - - [09/Nov/2022:16:53:11 +0100] "GET / HTTP/1.1" 301 239 "http://www.software-coders.ch/" "Mozilla/5.0 (Macintosh; Intel Mac OS X 10_15_7) AppleWebKit/537.36 (KHTML, like Gecko) Chrome/106.0.0.0 Safari/537.36"
84.17.59.80 - - [09/Nov/2022:16:53:11 +0100] "GET / HTTP/1.1" 301 239 "http://www.software-coders.ch/" "Mozilla/5.0 (Linux; Android 5.0; SM-G900P Build/LRX21T) AppleWebKit/537.36 (KHTML, like Gecko) Chrome/92.0.4515.159 Mobile Safari/537.36"
45.88.97.250 - - [09/Nov/2022:16:53:11 +0100] "GET / HTTP/1.1" 200 161 "https://www.software-coders.ch/" "Mozilla/5.0 (Linux; Android 12; SM-S908U Build/SP1A.210812.016; wv) AppleWebKit/537.36 (KHTML, like Gecko) Version/4.0 Chrome/99.0.4844.88 Mobile Safari/537.36"
84.17.52.156 - - [09/Nov/2022:16:53:11 +0100] "GET / HTTP/1.1" 200 161 "https://www.software-coders.ch/" "Mozilla/5.0 (Macintosh; Intel Mac OS X 10_15_7) AppleWebKit/537.36 (KHTML, like Gecko) Chrome/106.0.0.0 Safari/537.36"
84.17.59.80 - - [09/Nov/2022:16:53:11 +0100] "GET / HTTP/1.1" 200 161 "https://www.software-coders.ch/" "Mozilla/5.0 (Linux; Android 5.0; SM-G900P Build/LRX21T) AppleWebKit/537.36 (KHTML, like Gecko) Chrome/92.0.4515.159 Mobile Safari/537.36"
192.200.158.221 - - [09/Nov/2022:16:53:13 +0100] "GET / HTTP/1.1" 301 239 "http://www.software-coders.ch/" "Mozilla/5.0 (Linux; Android 5.0; SM-G900P Build/LRX21T) AppleWebKit/537.36 (KHTML, like Gecko) Chrome/92.0.4515.159 Mobile Safari/537.36"
87.115.231.209 - - [09/Nov/2022:16:53:14 +0100] "GET / HTTP/1.1" 301 235 "http://software-coders.ch/" "Mozilla/4.0 (compatible; MSIE 8.0; Windows NT 5.1; Trident/4.0)"
216.131.116.87 - - [09/Nov/2022:16:53:14 +0100] "GET / HTTP/1.1" 301 235 "http://software-coders.ch/" "Mozilla/5.0 (Linux; Android 12; SM-S908U Build/SP1A.210812.016; wv) AppleWebKit/537.36 (KHTML, like Gecko) Version/4.0 Chrome/99.0.4844.88 Mobile Safari/537.36"
216.131.114.6 - - [09/Nov/2022:16:53:14 +0100] "GET / HTTP/1.1" 301 235 "http://software-coders.ch/" "Mozilla/5.0 (Linux; Android 10) AppleWebKit/537.36 (KHTML, like Gecko) Chrome/105.0.5195.136 Mobile Safari/537.36"
84.17.52.156 - - [09/Nov/2022:16:53:14 +0100] "GET / HTTP/1.1" 301 235 "http://software-coders.ch/" "Mozilla/5.0 (Windows NT 10.0; Win64; x64; rv:106.0) Gecko/20100101 Firefox/106.0"
216.131.114.6 - - [09/Nov/2022:16:53:14 +0100] "GET / HTTP/1.1" 200 161 "https://software-coders.ch/" "Mozilla/5.0 (Linux; Android 10) AppleWebKit/537.36 (KHTML, like Gecko) Chrome/105.0.5195.136 Mobile Safari/537.36"
84.17.52.156 - - [09/Nov/2022:16:53:14 +0100] "GET / HTTP/1.1" 200 161 "https://software-coders.ch/" "Mozilla/5.0 (Windows NT 10.0; Win64; x64; rv:106.0) Gecko/20100101 Firefox/106.0"
216.131.116.87 - - [09/Nov/2022:16:53:14 +0100] "GET / HTTP/1.1" 200 161 "https://software-coders.ch/" "Mozilla/5.0 (Linux; Android 12; SM-S908U Build/SP1A.210812.016; wv) AppleWebKit/537.36 (KHTML, like Gecko) Version/4.0 Chrome/99.0.4844.88 Mobile Safari/537.36"
192.200.158.221 - - [09/Nov/2022:16:53:14 +0100] "GET / HTTP/1.1" 200 161 "https://www.software-coders.ch/" "Mozilla/5.0 (Linux; Android 5.0; SM-G900P Build/LRX21T) AppleWebKit/537.36 (KHTML, like Gecko) Chrome/92.0.4515.159 Mobile Safari/537.36"
185.17.107.85 - - [09/Nov/2022:16:53:14 +0100] "GET / HTTP/1.1" 301 235 "http://software-coders.ch/" "Mozilla/5.0 (iPhone; CPU iPhone OS 16_0_3 like Mac OS X) AppleWebKit/605.1.15 (KHTML, like Gecko) Version/16.0 Mobile/15E148 Safari/604.1"
87.115.231.209 - - [09/Nov/2022:16:53:14 +0100] "GET / HTTP/1.1" 200 161 "https://software-coders.ch/" "Mozilla/4.0 (compatible; MSIE 8.0; Windows NT 5.1; Trident/4.0)"
185.17.107.85 - - [09/Nov/2022:16:53:14 +0100] "GET / HTTP/1.1" 200 161 "https://software-coders.ch/" "Mozilla/5.0 (iPhone; CPU iPhone OS 16_0_3 like Mac OS X) AppleWebKit/605.1.15 (KHTML, like Gecko) Version/16.0 Mobile/15E148 Safari/604.1"
216.131.114.6 - - [09/Nov/2022:16:53:15 +0100] "OPTIONS / HTTP/1.1" 301 235 "http://software-coders.ch/" "Mozilla/5.0 (Macintosh; Intel Mac OS X 10.15; rv:105.0) Gecko/20100101 Firefox/105.0"
84.17.52.156 - - [09/Nov/2022:16:53:15 +0100] "GET / HTTP/1.1" 301 235 "http://software-coders.ch/" "Mozilla/5.0 (iPhone; CPU iPhone OS 15_6_1 like Mac OS X) AppleWebKit/605.1.15 (KHTML, like Gecko) Version/15.6.1 Mobile/15E148 Safari/604.1"
87.115.231.209 - - [09/Nov/2022:16:53:18 +0100] "GET / HTTP/1.1" 301 239 "http://www.software-coders.ch/" "Mozilla/5.0 (Windows NT 10.0; Win64; x64; rv:106.0) Gecko/20100101 Firefox/106.0"
179.43.169.181 - - [09/Nov/2022:16:53:20 +0100] "GET / HTTP/1.1" 200 161 "-" "Mozilla/5.0 (X11; Linux i686; rv:10.0) Gecko/20100101 Firefox/10.0"
87.115.231.209 - - [09/Nov/2022:16:53:21 +0100] "GET / HTTP/1.1" 301 239 "http://www.software-coders.ch/" "Mozilla/5.0 (iPhone; CPU iPhone OS 15_7 like Mac OS X) AppleWebKit/605.1.15 (KHTML, like Gecko) Version/15.6,2 Mobile/15E148 Safari/604.1"
192.200.158.221 - - [09/Nov/2022:16:53:21 +0100] "OPTIONS / HTTP/1.1" 301 239 "http://www.software-coders.ch/" "Mozilla/5.0 (feeder.co; Macintosh; Intel Mac OS X 10_15_7) AppleWebKit/537.36 (KHTML, like Gecko) Chrome/106.0.0.0 Safari/537.36"
84.16.66.188 - - [09/Nov/2022:16:55:12 +0100] "GET /.well-known/acme-challenge/hosting-dev HTTP/1.1" 301 273 "-" "GuzzleHttp/6.3.3 curl/7.74.0 PHP/7.3.33"
84.16.66.188 - - [09/Nov/2022:16:55:12 +0100] "GET /.well-known/acme-challenge/hosting-dev HTTP/1.1" 404 196 "-" "GuzzleHttp/6.3.3 curl/7.74.0 PHP/7.3.33"
185.102.219.210 - - [09/Nov/2022:16:56:57 +0100] "GET / HTTP/1.1" 200 161 "https://software-coders.ch/" "Mozilla/5.0 (Linux; Android 5.0; SM-G900P Build/LRX21T) AppleWebKit/537.36 (KHTML, like Gecko) Chrome/92.0.4515.159 Mobile Safari/537.36"
212.102.36.13 - - [09/Nov/2022:16:56:57 +0100] "GET / HTTP/1.1" 200 161 "https://software-coders.ch/" "Mozilla/5.0 (iPhone; CPU iPhone OS 16_0 like Mac OS X) AppleWebKit/605.1.15 (KHTML, like Gecko) Version/16.0 Mobile/15E148 Safari/604.1"
87.115.231.209 - - [09/Nov/2022:16:56:57 +0100] "GET / HTTP/1.1" 200 161 "https://software-coders.ch/" "Mozilla/5.0 (Linux; Android 10) AppleWebKit/537.36 (KHTML, like Gecko) Chrome/105.0.5195.136 Mobile Safari/537.36"
185.108.106.202 - - [09/Nov/2022:16:56:57 +0100] "GET / HTTP/1.1" 200 161 "https://software-coders.ch/" "Mozilla/5.0 (Windows NT 10.0; Win64; x64) AppleWebKit/537.36 (KHTML, like Gecko) Chrome/107.0.0.0 Safari/537.36"
199.217.104.250 - - [09/Nov/2022:16:56:59 +0100] "GET / HTTP/1.1" 200 161 "https://software-coders.ch/" "Mozilla/5.0 (Windows NT 10.0; Win64; x64; rv:106.0) Gecko/20100101 Firefox/106.0"
87.115.231.209 - - [09/Nov/2022:16:57:40 +0100] "GET / HTTP/1.1" 200 161 "http://www.software-coders.ch/" "Mozilla/5.0 (Macintosh; Intel Mac OS X 10.15; rv:105.0) Gecko/20100101 Firefox/105.0"
84.17.52.156 - - [09/Nov/2022:16:57:40 +0100] "GET / HTTP/1.1" 200 161 "http://www.software-coders.ch/" "Mozilla/5.0 (Windows NT 10.0; Win64; x64) AppleWebKit/537.36 (KHTML, like Gecko) Chrome/107.0.0.0 Safari/537.36"
45.88.97.250 - - [09/Nov/2022:16:57:40 +0100] "GET / HTTP/1.1" 200 161 "http://www.software-coders.ch/" "Mozilla/5.0 (iPhone; CPU iPhone OS 15_6_1 like Mac OS X) AppleWebKit/605.1.15 (KHTML, like Gecko) Version/15.6.1 Mobile/15E148 Safari/604.1"
84.17.59.80 - - [09/Nov/2022:16:57:40 +0100] "GET / HTTP/1.1" 200 161 "http://www.software-coders.ch/" "Mozilla/5.0 (iPhone; CPU iPhone OS 15_6_1 like Mac OS X) AppleWebKit/605.1.15 (KHTML, like Gecko) Version/15.6.1 Mobile/15E148 Safari/604.1"
192.200.158.221 - - [09/Nov/2022:16:57:40 +0100] "GET / HTTP/1.1" 200 161 "http://www.software-coders.ch/" "Mozilla/5.0 (iPhone; CPU iPhone OS 16_0_3 like Mac OS X) AppleWebKit/605.1.15 (KHTML, like Gecko) Version/16.0 Mobile/15E148 Safari/604.1"
84.16.66.188 - - [09/Nov/2022:16:58:58 +0100] "GET /.well-known/acme-challenge/hosting-dev HTTP/1.0" 301 273 "-" "-"
84.16.66.188 - - [09/Nov/2022:16:58:58 +0100] "GET /.well-known/acme-challenge/hosting-dev HTTP/1.0" 404 196 "-" "-"
31.204.150.115 - - [09/Nov/2022:17:00:42 +0100] "GET / HTTP/1.1" 301 235 "-" "Mozilla/5.0 (Windows NT 10.0; Win64; x64) AppleWebKit/537.36 (KHTML, like Gecko) Chrome/84.0.4147.89 Safari/537.36"
31.204.150.115 - - [09/Nov/2022:17:01:02 +0100] "GET / HTTP/1.1" 200 161 "-" "Mozilla/5.0 (Windows NT 10.0; Win64; x64) AppleWebKit/537.36 (KHTML, like Gecko) Chrome/84.0.4147.89 Safari/537.36"
5.9.119.108 - - [09/Nov/2022:17:03:54 +0100] "GET /.htaccess HTTP/1.1" 403 199 "-" "Mozilla/5.0 (Macintosh; Intel Mac OS X 10_15_7) AppleWebKit/537.36 (KHTML, like Gecko) Chrome/101.0.4951.54 Safari/537.36"
5.9.119.108 - - [09/Nov/2022:18:07:13 +0100] "GET /.htaccess HTTP/1.1" 403 199 "-" "Mozilla/5.0 (Macintosh; Intel Mac OS X 10_15_2) AppleWebKit/537.36 (KHTML, like Gecko) Chrome/79.0.3945.88 Safari/537.36"
133.242.174.119 - - [09/Nov/2022:18:27:42 +0100] "GET / HTTP/1.1" 200 161 "-" "Mozilla/5.0 (Linux; U; Android 2.2; ja-jp; SC-02B Build/FROYO) AppleWebKit/533.1 (KHTML, like Gecko) Version/4.0 Mobile Safari/533.1"
133.242.140.127 - - [09/Nov/2022:18:27:42 +0100] "GET / HTTP/1.1" 200 161 "-" "Mozilla/5.0 (Linux; U; Android 2.2; ja-jp; SC-02B Build/FROYO) AppleWebKit/533.1 (KHTML, like Gecko) Version/4.0 Mobile Safari/533.1"
133.242.140.127 - - [09/Nov/2022:18:28:35 +0100] "GET / HTTP/1.1" 200 161 "-" "Mozilla/5.0 (Linux; U; Android 2.2; ja-jp; SC-02B Build/FROYO) AppleWebKit/533.1 (KHTML, like Gecko) Version/4.0 Mobile Safari/533.1"
133.242.174.119 - - [09/Nov/2022:18:28:35 +0100] "GET / HTTP/1.1" 200 161 "-" "Mozilla/5.0 (Linux; U; Android 2.2; ja-jp; SC-02B Build/FROYO) AppleWebKit/533.1 (KHTML, like Gecko) Version/4.0 Mobile Safari/533.1"
133.242.140.127 - - [09/Nov/2022:18:28:35 +0100] "GET / HTTP/1.1" 200 161 "-" "Mozilla/5.0 (Linux; U; Android 2.2; ja-jp; SC-02B Build/FROYO) AppleWebKit/533.1 (KHTML, like Gecko) Version/4.0 Mobile Safari/533.1"
133.242.174.119 - - [09/Nov/2022:18:28:36 +0100] "GET / HTTP/1.1" 200 161 "-" "Mozilla/5.0 (Linux; U; Android 2.2; ja-jp; SC-02B Build/FROYO) AppleWebKit/533.1 (KHTML, like Gecko) Version/4.0 Mobile Safari/533.1"
133.242.174.119 - - [09/Nov/2022:18:48:58 +0100] "GET / HTTP/1.1" 200 161 "-" "Mozilla/5.0 (Linux; U; Android 2.2; ja-jp; SC-02B Build/FROYO) AppleWebKit/533.1 (KHTML, like Gecko) Version/4.0 Mobile Safari/533.1"
133.242.140.127 - - [09/Nov/2022:18:49:00 +0100] "GET / HTTP/1.1" 200 161 "-" "Mozilla/5.0 (Linux; U; Android 2.2; ja-jp; SC-02B Build/FROYO) AppleWebKit/533.1 (KHTML, like Gecko) Version/4.0 Mobile Safari/533.1"
167.248.133.46 - - [09/Nov/2022:19:01:01 +0100] "GET / HTTP/1.1" 301 239 "-" "Mozilla/5.0 (compatible; CensysInspect/1.1; +https://about.censys.io/)"
167.248.133.46 - - [09/Nov/2022:19:01:01 +0100] "GET / HTTP/1.1" 200 161 "-" "Mozilla/5.0 (compatible; CensysInspect/1.1; +https://about.censys.io/)"
167.248.133.46 - - [09/Nov/2022:19:01:02 +0100] "GET / HTTP/1.1" 200 161 "-" "Mozilla/5.0 (compatible; CensysInspect/1.1; +https://about.censys.io/)"
167.248.133.46 - - [09/Nov/2022:19:01:02 +0100] "GET /favicon.ico HTTP/1.1" 404 196 "-" "Mozilla/5.0 (compatible; CensysInspect/1.1; +https://about.censys.io/)"
167.248.133.46 - - [09/Nov/2022:19:01:02 +0100] "GET /favicon.ico HTTP/1.1" 404 196 "-" "Mozilla/5.0 (compatible; CensysInspect/1.1; +https://about.censys.io/)"
167.248.133.117 - - [09/Nov/2022:19:02:28 +0100] "GET / HTTP/1.1" 301 235 "-" "Mozilla/5.0 (compatible; CensysInspect/1.1; +https://about.censys.io/)"
167.248.133.117 - - [09/Nov/2022:19:02:28 +0100] "GET / HTTP/1.1" 200 161 "-" "Mozilla/5.0 (compatible; CensysInspect/1.1; +https://about.censys.io/)"
167.248.133.117 - - [09/Nov/2022:19:02:28 +0100] "GET / HTTP/1.1" 200 161 "-" "Mozilla/5.0 (compatible; CensysInspect/1.1; +https://about.censys.io/)"
167.248.133.117 - - [09/Nov/2022:19:02:28 +0100] "GET /favicon.ico HTTP/1.1" 404 196 "-" "Mozilla/5.0 (compatible; CensysInspect/1.1; +https://about.censys.io/)"
167.248.133.117 - - [09/Nov/2022:19:02:29 +0100] "GET /favicon.ico HTTP/1.1" 404 196 "-" "Mozilla/5.0 (compatible; CensysInspect/1.1; +https://about.censys.io/)"
5.9.119.108 - - [09/Nov/2022:19:06:17 +0100] "GET /.htaccess HTTP/1.1" 403 199 "-" "Mozilla/5.0 (Windows NT 10.0; Win64; x64) AppleWebKit/537.36 (KHTML, like Gecko) Chrome/102.0.5005.62 Safari/537.36"
34.241.0.215 - - [09/Nov/2022:19:27:31 +0100] "GET / HTTP/1.1" 200 161 "duckduckgo.com" "Mozilla/5.0 (X11; Linux x86_64; rv:83.0) Gecko/20100101 Firefox/83.0"
34.241.0.215 - - [09/Nov/2022:19:27:33 +0100] "GET /favicon.ico HTTP/1.1" 404 196 "yahoo.com" "Mozilla/5.0 (X11; Linux x86_64; rv:83.0) Gecko/20100101 Firefox/83.0"
152.32.169.38 - - [09/Nov/2022:19:53:13 +0100] "GET / HTTP/1.1" 301 235 "http://software-coders.ch/" "Mozilla/5.0 (Linux; Android 11; vivo 1906; wv) AppleWebKit/537.36 (KHTML, like Gecko) Version/4.0 Chrome/87.0.4280.141 Mobile Safari/537.36 VivoBrowser/8.9.0.0"
152.32.169.38 - - [09/Nov/2022:19:53:14 +0100] "GET / HTTP/1.1" 200 161 "http://software-coders.ch/" "Mozilla/5.0 (Linux; Android 11; vivo 1906; wv) AppleWebKit/537.36 (KHTML, like Gecko) Version/4.0 Chrome/87.0.4280.141 Mobile Safari/537.36 VivoBrowser/8.9.0.0"
152.32.169.38 - - [09/Nov/2022:19:53:14 +0100] "GET /favicon.ico HTTP/1.1" 301 246 "http://software-coders.ch/favicon.ico" "Mozilla/5.0 (Linux; Android 11; vivo 1906; wv) AppleWebKit/537.36 (KHTML, like Gecko) Version/4.0 Chrome/87.0.4280.141 Mobile Safari/537.36 VivoBrowser/8.9.0.0"
152.32.169.38 - - [09/Nov/2022:19:53:14 +0100] "GET /favicon.ico HTTP/1.1" 404 196 "http://software-coders.ch/favicon.ico" "Mozilla/5.0 (Linux; Android 11; vivo 1906; wv) AppleWebKit/537.36 (KHTML, like Gecko) Version/4.0 Chrome/87.0.4280.141 Mobile Safari/537.36 VivoBrowser/8.9.0.0"
152.32.169.38 - - [09/Nov/2022:19:53:14 +0100] "GET / HTTP/1.1" 301 235 "http://software-coders.ch/" "Mozilla/5.0 (Macintosh; Intel Mac OS X 10_15_7) AppleWebKit/537.36 (KHTML, like Gecko) Chrome/85.0.4183.121 Safari/537.36"
152.32.169.38 - - [09/Nov/2022:19:53:14 +0100] "GET / HTTP/1.1" 200 161 "http://software-coders.ch/" "Mozilla/5.0 (Macintosh; Intel Mac OS X 10_15_7) AppleWebKit/537.36 (KHTML, like Gecko) Chrome/85.0.4183.121 Safari/537.36"
152.32.169.38 - - [09/Nov/2022:19:53:15 +0100] "GET /favicon.ico HTTP/1.1" 301 246 "http://software-coders.ch/favicon.ico" "Mozilla/5.0 (Linux; Android 11; vivo 1906; wv) AppleWebKit/537.36 (KHTML, like Gecko) Version/4.0 Chrome/87.0.4280.141 Mobile Safari/537.36 VivoBrowser/8.9.0.0"
152.32.169.38 - - [09/Nov/2022:19:53:15 +0100] "GET /favicon.ico HTTP/1.1" 404 196 "http://software-coders.ch/favicon.ico" "Mozilla/5.0 (Linux; Android 11; vivo 1906; wv) AppleWebKit/537.36 (KHTML, like Gecko) Version/4.0 Chrome/87.0.4280.141 Mobile Safari/537.36 VivoBrowser/8.9.0.0"
152.32.169.38 - - [09/Nov/2022:19:53:15 +0100] "GET / HTTP/1.1" 301 235 "http://software-coders.ch/" "okhttp/3.3.1"
152.32.169.38 - - [09/Nov/2022:19:53:15 +0100] "GET /api/im/v2/app/config HTTP/1.1" 301 255 "http://software-coders.ch/api/im/v2/app/config" "Mozilla/5.0 (Linux; Android 11; vivo 1906; wv) AppleWebKit/537.36 (KHTML, like Gecko) Version/4.0 Chrome/87.0.4280.141 Mobile Safari/537.36 VivoBrowser/8.9.0.0"
152.32.169.38 - - [09/Nov/2022:19:53:15 +0100] "GET /api/im/v2/app/t HTTP/1.1" 301 250 "http://software-coders.ch/api/im/v2/app/t" "Mozilla/5.0 (Linux; Android 11; vivo 1906; wv) AppleWebKit/537.36 (KHTML, like Gecko) Version/4.0 Chrome/87.0.4280.141 Mobile Safari/537.36 VivoBrowser/8.9.0.0"
152.32.169.38 - - [09/Nov/2022:19:53:15 +0100] "GET /other/codepay/js/codepay_util.js HTTP/1.1" 301 267 "http://software-coders.ch/other/codepay/js/codepay_util.js" "Mozilla/5.0 (Linux; Android 11; vivo 1906; wv) AppleWebKit/537.36 (KHTML, like Gecko) Version/4.0 Chrome/87.0.4280.141 Mobile Safari/537.36 VivoBrowser/8.9.0.0"
152.32.169.38 - - [09/Nov/2022:19:53:15 +0100] "GET / HTTP/1.1" 200 161 "http://software-coders.ch/" "okhttp/3.3.1"
152.32.169.38 - - [09/Nov/2022:19:53:16 +0100] "GET /api/im/v2/app/config HTTP/1.1" 404 196 "http://software-coders.ch/api/im/v2/app/config" "Mozilla/5.0 (Linux; Android 11; vivo 1906; wv) AppleWebKit/537.36 (KHTML, like Gecko) Version/4.0 Chrome/87.0.4280.141 Mobile Safari/537.36 VivoBrowser/8.9.0.0"
152.32.169.38 - - [09/Nov/2022:19:53:16 +0100] "GET / HTTP/1.1" 301 235 "http://software-coders.ch/" "Mozilla/5.0 (Linux; Android 11; vivo 1906; wv) AppleWebKit/537.36 (KHTML, like Gecko) Version/4.0 Chrome/87.0.4280.141 Mobile Safari/537.36 VivoBrowser/8.9.0.0"
152.32.169.38 - - [09/Nov/2022:19:53:16 +0100] "GET / HTTP/1.1" 200 161 "http://software-coders.ch/" "Mozilla/5.0 (Linux; Android 11; vivo 1906; wv) AppleWebKit/537.36 (KHTML, like Gecko) Version/4.0 Chrome/87.0.4280.141 Mobile Safari/537.36 VivoBrowser/8.9.0.0"
152.32.169.38 - - [09/Nov/2022:19:53:16 +0100] "GET /api/im/v2/app/t HTTP/1.1" 404 196 "http://software-coders.ch/api/im/v2/app/t" "Mozilla/5.0 (Linux; Android 11; vivo 1906; wv) AppleWebKit/537.36 (KHTML, like Gecko) Version/4.0 Chrome/87.0.4280.141 Mobile Safari/537.36 VivoBrowser/8.9.0.0"
152.32.169.38 - - [09/Nov/2022:19:53:16 +0100] "GET /other/codepay/js/codepay_util.js HTTP/1.1" 404 196 "http://software-coders.ch/other/codepay/js/codepay_util.js" "Mozilla/5.0 (Linux; Android 11; vivo 1906; wv) AppleWebKit/537.36 (KHTML, like Gecko) Version/4.0 Chrome/87.0.4280.141 Mobile Safari/537.36 VivoBrowser/8.9.0.0"
152.32.169.38 - - [09/Nov/2022:19:53:16 +0100] "GET / HTTP/1.1" 301 235 "http://software-coders.ch/" "Mozilla/5.0 (Macintosh; Intel Mac OS X 10_15_7) AppleWebKit/537.36 (KHTML, like Gecko) Chrome/85.0.4183.121 Safari/537.36"
152.32.169.38 - - [09/Nov/2022:19:53:16 +0100] "GET /mobile/login.html HTTP/1.1" 301 252 "http://software-coders.ch/mobile/login.html" "Mozilla/5.0 (Linux; Android 11; vivo 1906; wv) AppleWebKit/537.36 (KHTML, like Gecko) Version/4.0 Chrome/87.0.4280.141 Mobile Safari/537.36 VivoBrowser/8.9.0.0"
152.32.169.38 - - [09/Nov/2022:19:53:16 +0100] "GET /static/wap/js/order.js HTTP/1.1" 301 257 "http://software-coders.ch/static/wap/js/order.js" "Mozilla/5.0 (Linux; Android 11; vivo 1906; wv) AppleWebKit/537.36 (KHTML, like Gecko) Version/4.0 Chrome/87.0.4280.141 Mobile Safari/537.36 VivoBrowser/8.9.0.0"
152.32.169.38 - - [09/Nov/2022:19:53:16 +0100] "GET /static/index/js/lk/order.js HTTP/1.1" 301 262 "http://software-coders.ch/static/index/js/lk/order.js" "Mozilla/5.0 (Linux; Android 11; vivo 1906; wv) AppleWebKit/537.36 (KHTML, like Gecko) Version/4.0 Chrome/87.0.4280.141 Mobile Safari/537.36 VivoBrowser/8.9.0.0"
152.32.169.38 - - [09/Nov/2022:19:53:16 +0100] "GET /static/wap/css/trade-history.css HTTP/1.1" 301 267 "http://software-coders.ch/static/wap/css/trade-history.css" "Mozilla/5.0 (Linux; Android 11; vivo 1906; wv) AppleWebKit/537.36 (KHTML, like Gecko) Version/4.0 Chrome/87.0.4280.141 Mobile Safari/537.36 VivoBrowser/8.9.0.0"
152.32.169.38 - - [09/Nov/2022:19:53:16 +0100] "GET /static/index/css/trade-history.css HTTP/1.1" 301 269 "http://software-coders.ch/static/index/css/trade-history.css" "Mozilla/5.0 (Linux; Android 11; vivo 1906; wv) AppleWebKit/537.36 (KHTML, like Gecko) Version/4.0 Chrome/87.0.4280.141 Mobile Safari/537.36 VivoBrowser/8.9.0.0"
152.32.169.38 - - [09/Nov/2022:19:53:16 +0100] "GET /static/wap/js/order.js HTTP/1.1" 404 196 "http://software-coders.ch/static/wap/js/order.js" "Mozilla/5.0 (Linux; Android 11; vivo 1906; wv) AppleWebKit/537.36 (KHTML, like Gecko) Version/4.0 Chrome/87.0.4280.141 Mobile Safari/537.36 VivoBrowser/8.9.0.0"
152.32.169.38 - - [09/Nov/2022:19:53:16 +0100] "GET /static/index/js/lk/order.js HTTP/1.1" 404 196 "http://software-coders.ch/static/index/js/lk/order.js" "Mozilla/5.0 (Linux; Android 11; vivo 1906; wv) AppleWebKit/537.36 (KHTML, like Gecko) Version/4.0 Chrome/87.0.4280.141 Mobile Safari/537.36 VivoBrowser/8.9.0.0"
152.32.169.38 - - [09/Nov/2022:19:53:16 +0100] "GET / HTTP/1.1" 200 161 "http://software-coders.ch/" "Mozilla/5.0 (Macintosh; Intel Mac OS X 10_15_7) AppleWebKit/537.36 (KHTML, like Gecko) Chrome/85.0.4183.121 Safari/537.36"
152.32.169.38 - - [09/Nov/2022:19:53:16 +0100] "GET /mobile/login.html HTTP/1.1" 404 196 "http://software-coders.ch/mobile/login.html" "Mozilla/5.0 (Linux; Android 11; vivo 1906; wv) AppleWebKit/537.36 (KHTML, like Gecko) Version/4.0 Chrome/87.0.4280.141 Mobile Safari/537.36 VivoBrowser/8.9.0.0"
152.32.169.38 - - [09/Nov/2022:19:53:17 +0100] "GET /6/ HTTP/1.1" 301 237 "http://software-coders.ch/6/" "Mozilla/5.0 (Linux; Android 11; vivo 1906; wv) AppleWebKit/537.36 (KHTML, like Gecko) Version/4.0 Chrome/87.0.4280.141 Mobile Safari/537.36 VivoBrowser/8.9.0.0"
152.32.169.38 - - [09/Nov/2022:19:53:17 +0100] "GET /h5 HTTP/1.1" 301 237 "http://software-coders.ch/h5" "Mozilla/5.0 (Linux; Android 11; vivo 1906; wv) AppleWebKit/537.36 (KHTML, like Gecko) Version/4.0 Chrome/87.0.4280.141 Mobile Safari/537.36 VivoBrowser/8.9.0.0"
152.32.169.38 - - [09/Nov/2022:19:53:17 +0100] "GET /m HTTP/1.1" 301 236 "http://software-coders.ch/m" "Mozilla/5.0 (Linux; Android 11; vivo 1906; wv) AppleWebKit/537.36 (KHTML, like Gecko) Version/4.0 Chrome/87.0.4280.141 Mobile Safari/537.36 VivoBrowser/8.9.0.0"
152.32.169.38 - - [09/Nov/2022:19:53:17 +0100] "GET / HTTP/1.1" 301 235 "http://software-coders.ch/" "Mozilla/5.0 (Linux; Android 11; vivo 1906; wv) AppleWebKit/537.36 (KHTML, like Gecko) Version/4.0 Chrome/87.0.4280.141 Mobile Safari/537.36 VivoBrowser/8.9.0.0"
152.32.169.38 - - [09/Nov/2022:19:53:17 +0100] "GET /h5/ HTTP/1.1" 301 238 "http://software-coders.ch/h5/" "Mozilla/5.0 (Linux; Android 11; vivo 1906; wv) AppleWebKit/537.36 (KHTML, like Gecko) Version/4.0 Chrome/87.0.4280.141 Mobile Safari/537.36 VivoBrowser/8.9.0.0"
152.32.169.38 - - [09/Nov/2022:19:53:17 +0100] "GET / HTTP/1.1" 200 161 "http://software-coders.ch/" "Mozilla/5.0 (Linux; Android 11; vivo 1906; wv) AppleWebKit/537.36 (KHTML, like Gecko) Version/4.0 Chrome/87.0.4280.141 Mobile Safari/537.36 VivoBrowser/8.9.0.0"
152.32.169.38 - - [09/Nov/2022:19:53:17 +0100] "GET /6/ HTTP/1.1" 404 196 "http://software-coders.ch/6/" "Mozilla/5.0 (Linux; Android 11; vivo 1906; wv) AppleWebKit/537.36 (KHTML, like Gecko) Version/4.0 Chrome/87.0.4280.141 Mobile Safari/537.36 VivoBrowser/8.9.0.0"
